

================================================================
== Vitis HLS Report for 'example_Pipeline_convR'
================================================================
* Date:           Tue Apr 26 03:20:35 2022

* Version:        2021.2 (Build 3367213 on Tue Oct 19 02:48:09 MDT 2021)
* Project:        project5_hls_opt
* Solution:       solution1 (Vivado IP Flow Target)
* Product family: zynq
* Target device:  xc7z020-clg400-1


================================================================
== Performance Estimates
================================================================
+ Timing: 
    * Summary: 
    +--------+----------+----------+------------+
    |  Clock |  Target  | Estimated| Uncertainty|
    +--------+----------+----------+------------+
    |ap_clk  |  10.00 ns|  8.223 ns|     2.70 ns|
    +--------+----------+----------+------------+

+ Latency: 
    * Summary: 
    +---------+---------+----------+----------+-----+-----+---------+
    |  Latency (cycles) |  Latency (absolute) |  Interval | Pipeline|
    |   min   |   max   |    min   |    max   | min | max |   Type  |
    +---------+---------+----------+----------+-----+-----+---------+
    |      459|      459|  4.590 us|  4.590 us|  459|  459|       no|
    +---------+---------+----------+----------+-----+-----+---------+

    + Detail: 
        * Instance: 
        N/A

        * Loop: 
        +----------+---------+---------+----------+-----------+-----------+------+----------+
        |          |  Latency (cycles) | Iteration|  Initiation Interval  | Trip |          |
        | Loop Name|   min   |   max   |  Latency |  achieved |   target  | Count| Pipelined|
        +----------+---------+---------+----------+-----------+-----------+------+----------+
        |- convR   |      457|      457|        23|         15|          1|    30|       yes|
        +----------+---------+---------+----------+-----------+-----------+------+----------+



================================================================
== Utilization Estimates
================================================================
* Summary: 
+-----------------+---------+-----+--------+-------+-----+
|       Name      | BRAM_18K| DSP |   FF   |  LUT  | URAM|
+-----------------+---------+-----+--------+-------+-----+
|DSP              |        -|    -|       -|      -|    -|
|Expression       |        -|    -|       0|  15657|    -|
|FIFO             |        -|    -|       -|      -|    -|
|Instance         |        -|  165|    9075|   2750|    -|
|Memory           |        -|    -|       -|      -|    -|
|Multiplexer      |        -|    -|       -|    509|    -|
|Register         |        -|    -|    9451|      -|    -|
+-----------------+---------+-----+--------+-------+-----+
|Total            |        0|  165|   18526|  18916|    0|
+-----------------+---------+-----+--------+-------+-----+
|Available        |      280|  220|  106400|  53200|    0|
+-----------------+---------+-----+--------+-------+-----+
|Utilization (%)  |        0|   75|      17|     35|    0|
+-----------------+---------+-----+--------+-------+-----+

+ Detail: 
    * Instance: 
    +------------------------+--------------------+---------+----+-----+----+-----+
    |        Instance        |       Module       | BRAM_18K| DSP|  FF | LUT| URAM|
    +------------------------+--------------------+---------+----+-----+----+-----+
    |mul_32s_32s_32_2_1_U18  |mul_32s_32s_32_2_1  |        0|   3|  165|  50|    0|
    |mul_32s_32s_32_2_1_U19  |mul_32s_32s_32_2_1  |        0|   3|  165|  50|    0|
    |mul_32s_32s_32_2_1_U20  |mul_32s_32s_32_2_1  |        0|   3|  165|  50|    0|
    |mul_32s_32s_32_2_1_U21  |mul_32s_32s_32_2_1  |        0|   3|  165|  50|    0|
    |mul_32s_32s_32_2_1_U22  |mul_32s_32s_32_2_1  |        0|   3|  165|  50|    0|
    |mul_32s_32s_32_2_1_U23  |mul_32s_32s_32_2_1  |        0|   3|  165|  50|    0|
    |mul_32s_32s_32_2_1_U24  |mul_32s_32s_32_2_1  |        0|   3|  165|  50|    0|
    |mul_32s_32s_32_2_1_U25  |mul_32s_32s_32_2_1  |        0|   3|  165|  50|    0|
    |mul_32s_32s_32_2_1_U26  |mul_32s_32s_32_2_1  |        0|   3|  165|  50|    0|
    |mul_32s_32s_32_2_1_U27  |mul_32s_32s_32_2_1  |        0|   3|  165|  50|    0|
    |mul_32s_32s_32_2_1_U28  |mul_32s_32s_32_2_1  |        0|   3|  165|  50|    0|
    |mul_32s_32s_32_2_1_U29  |mul_32s_32s_32_2_1  |        0|   3|  165|  50|    0|
    |mul_32s_32s_32_2_1_U30  |mul_32s_32s_32_2_1  |        0|   3|  165|  50|    0|
    |mul_32s_32s_32_2_1_U31  |mul_32s_32s_32_2_1  |        0|   3|  165|  50|    0|
    |mul_32s_32s_32_2_1_U32  |mul_32s_32s_32_2_1  |        0|   3|  165|  50|    0|
    |mul_32s_32s_32_2_1_U33  |mul_32s_32s_32_2_1  |        0|   3|  165|  50|    0|
    |mul_32s_32s_32_2_1_U34  |mul_32s_32s_32_2_1  |        0|   3|  165|  50|    0|
    |mul_32s_32s_32_2_1_U35  |mul_32s_32s_32_2_1  |        0|   3|  165|  50|    0|
    |mul_32s_32s_32_2_1_U36  |mul_32s_32s_32_2_1  |        0|   3|  165|  50|    0|
    |mul_32s_32s_32_2_1_U37  |mul_32s_32s_32_2_1  |        0|   3|  165|  50|    0|
    |mul_32s_32s_32_2_1_U38  |mul_32s_32s_32_2_1  |        0|   3|  165|  50|    0|
    |mul_32s_32s_32_2_1_U39  |mul_32s_32s_32_2_1  |        0|   3|  165|  50|    0|
    |mul_32s_32s_32_2_1_U40  |mul_32s_32s_32_2_1  |        0|   3|  165|  50|    0|
    |mul_32s_32s_32_2_1_U41  |mul_32s_32s_32_2_1  |        0|   3|  165|  50|    0|
    |mul_32s_32s_32_2_1_U42  |mul_32s_32s_32_2_1  |        0|   3|  165|  50|    0|
    |mul_32s_32s_32_2_1_U43  |mul_32s_32s_32_2_1  |        0|   3|  165|  50|    0|
    |mul_32s_32s_32_2_1_U44  |mul_32s_32s_32_2_1  |        0|   3|  165|  50|    0|
    |mul_32s_32s_32_2_1_U45  |mul_32s_32s_32_2_1  |        0|   3|  165|  50|    0|
    |mul_32s_32s_32_2_1_U46  |mul_32s_32s_32_2_1  |        0|   3|  165|  50|    0|
    |mul_32s_32s_32_2_1_U47  |mul_32s_32s_32_2_1  |        0|   3|  165|  50|    0|
    |mul_32s_32s_32_2_1_U48  |mul_32s_32s_32_2_1  |        0|   3|  165|  50|    0|
    |mul_32s_32s_32_2_1_U49  |mul_32s_32s_32_2_1  |        0|   3|  165|  50|    0|
    |mul_32s_32s_32_2_1_U50  |mul_32s_32s_32_2_1  |        0|   3|  165|  50|    0|
    |mul_32s_32s_32_2_1_U51  |mul_32s_32s_32_2_1  |        0|   3|  165|  50|    0|
    |mul_32s_32s_32_2_1_U52  |mul_32s_32s_32_2_1  |        0|   3|  165|  50|    0|
    |mul_32s_32s_32_2_1_U53  |mul_32s_32s_32_2_1  |        0|   3|  165|  50|    0|
    |mul_32s_32s_32_2_1_U54  |mul_32s_32s_32_2_1  |        0|   3|  165|  50|    0|
    |mul_32s_32s_32_2_1_U55  |mul_32s_32s_32_2_1  |        0|   3|  165|  50|    0|
    |mul_32s_32s_32_2_1_U56  |mul_32s_32s_32_2_1  |        0|   3|  165|  50|    0|
    |mul_32s_32s_32_2_1_U57  |mul_32s_32s_32_2_1  |        0|   3|  165|  50|    0|
    |mul_32s_32s_32_2_1_U58  |mul_32s_32s_32_2_1  |        0|   3|  165|  50|    0|
    |mul_32s_32s_32_2_1_U59  |mul_32s_32s_32_2_1  |        0|   3|  165|  50|    0|
    |mul_32s_32s_32_2_1_U60  |mul_32s_32s_32_2_1  |        0|   3|  165|  50|    0|
    |mul_32s_32s_32_2_1_U61  |mul_32s_32s_32_2_1  |        0|   3|  165|  50|    0|
    |mul_32s_32s_32_2_1_U62  |mul_32s_32s_32_2_1  |        0|   3|  165|  50|    0|
    |mul_32s_32s_32_2_1_U63  |mul_32s_32s_32_2_1  |        0|   3|  165|  50|    0|
    |mul_32s_32s_32_2_1_U64  |mul_32s_32s_32_2_1  |        0|   3|  165|  50|    0|
    |mul_32s_32s_32_2_1_U65  |mul_32s_32s_32_2_1  |        0|   3|  165|  50|    0|
    |mul_32s_32s_32_2_1_U66  |mul_32s_32s_32_2_1  |        0|   3|  165|  50|    0|
    |mul_32s_32s_32_2_1_U67  |mul_32s_32s_32_2_1  |        0|   3|  165|  50|    0|
    |mul_32s_32s_32_2_1_U68  |mul_32s_32s_32_2_1  |        0|   3|  165|  50|    0|
    |mul_32s_32s_32_2_1_U69  |mul_32s_32s_32_2_1  |        0|   3|  165|  50|    0|
    |mul_32s_32s_32_2_1_U70  |mul_32s_32s_32_2_1  |        0|   3|  165|  50|    0|
    |mul_32s_32s_32_2_1_U71  |mul_32s_32s_32_2_1  |        0|   3|  165|  50|    0|
    |mul_32s_32s_32_2_1_U72  |mul_32s_32s_32_2_1  |        0|   3|  165|  50|    0|
    +------------------------+--------------------+---------+----+-----+----+-----+
    |Total                   |                    |        0| 165| 9075|2750|    0|
    +------------------------+--------------------+---------+----+-----+----+-----+

    * DSP: 
    N/A

    * Memory: 
    N/A

    * FIFO: 
    N/A

    * Expression: 
    +---------------------------+----------+----+---+-----+------------+------------+
    |       Variable Name       | Operation| DSP| FF| LUT | Bitwidth P0| Bitwidth P1|
    +---------------------------+----------+----+---+-----+------------+------------+
    |add_ln130_fu_1092_p2       |         +|   0|  0|   13|           5|           1|
    |add_ln132_10_fu_1556_p2    |         +|   0|  0|   12|          11|           4|
    |add_ln132_11_fu_1566_p2    |         +|   0|  0|   12|          11|           4|
    |add_ln132_12_fu_1744_p2    |         +|   0|  0|   12|          11|           4|
    |add_ln132_13_fu_1754_p2    |         +|   0|  0|   12|          11|           4|
    |add_ln132_14_fu_1932_p2    |         +|   0|  0|   12|          11|           5|
    |add_ln132_15_fu_1942_p2    |         +|   0|  0|   12|          11|           5|
    |add_ln132_16_fu_2120_p2    |         +|   0|  0|   12|          11|           5|
    |add_ln132_17_fu_2130_p2    |         +|   0|  0|   12|          11|           5|
    |add_ln132_18_fu_2308_p2    |         +|   0|  0|   12|          11|           5|
    |add_ln132_19_fu_2318_p2    |         +|   0|  0|   12|          11|           5|
    |add_ln132_1_fu_1191_p2     |         +|   0|  0|   12|          11|           2|
    |add_ln132_20_fu_2496_p2    |         +|   0|  0|   12|          11|           5|
    |add_ln132_21_fu_2506_p2    |         +|   0|  0|   12|          11|           5|
    |add_ln132_22_fu_2684_p2    |         +|   0|  0|   12|          11|           5|
    |add_ln132_23_fu_2694_p2    |         +|   0|  0|   12|          11|           5|
    |add_ln132_24_fu_2872_p2    |         +|   0|  0|   12|          11|           5|
    |add_ln132_25_fu_2882_p2    |         +|   0|  0|   12|          11|           5|
    |add_ln132_26_fu_3060_p2    |         +|   0|  0|   12|          11|           5|
    |add_ln132_27_fu_3070_p2    |         +|   0|  0|   12|          11|           5|
    |add_ln132_2_fu_1206_p2     |         +|   0|  0|   12|          11|           3|
    |add_ln132_3_fu_1216_p2     |         +|   0|  0|   12|          11|           3|
    |add_ln132_4_fu_1226_p2     |         +|   0|  0|   12|          11|           3|
    |add_ln132_5_fu_1236_p2     |         +|   0|  0|   12|          11|           3|
    |add_ln132_6_fu_1304_p2     |         +|   0|  0|   12|          11|           4|
    |add_ln132_7_fu_1314_p2     |         +|   0|  0|   12|          11|           4|
    |add_ln132_8_fu_1416_p2     |         +|   0|  0|   12|          11|           4|
    |add_ln132_9_fu_1426_p2     |         +|   0|  0|   12|          11|           4|
    |add_ln132_fu_1181_p2       |         +|   0|  0|   12|          11|           2|
    |add_ln150_1_fu_3921_p2     |         +|   0|  0|   39|          32|          32|
    |add_ln150_fu_3801_p2       |         +|   0|  0|   39|          32|          32|
    |add_ln152_10_fu_1793_p2    |         +|   0|  0|   39|          32|          32|
    |add_ln152_11_fu_1511_p2    |         +|   0|  0|   39|          32|          32|
    |add_ln152_12_fu_1669_p2    |         +|   0|  0|   39|          32|          32|
    |add_ln152_13_fu_1957_p2    |         +|   0|  0|   39|          32|          32|
    |add_ln152_14_fu_1537_p2    |         +|   0|  0|   39|          32|          32|
    |add_ln152_15_fu_1686_p2    |         +|   0|  0|   39|          32|          32|
    |add_ln152_16_fu_1981_p2    |         +|   0|  0|   39|          32|          32|
    |add_ln152_17_fu_1699_p2    |         +|   0|  0|   39|          32|          32|
    |add_ln152_18_fu_1857_p2    |         +|   0|  0|   39|          32|          32|
    |add_ln152_19_fu_2145_p2    |         +|   0|  0|   39|          32|          32|
    |add_ln152_1_fu_1272_p2     |         +|   0|  0|   39|          32|          32|
    |add_ln152_20_fu_1725_p2    |         +|   0|  0|   39|          32|          32|
    |add_ln152_21_fu_1874_p2    |         +|   0|  0|   39|          32|          32|
    |add_ln152_22_fu_2169_p2    |         +|   0|  0|   39|          32|          32|
    |add_ln152_23_fu_1887_p2    |         +|   0|  0|   39|          32|          32|
    |add_ln152_24_fu_2045_p2    |         +|   0|  0|   39|          32|          32|
    |add_ln152_25_fu_2333_p2    |         +|   0|  0|   39|          32|          32|
    |add_ln152_26_fu_1913_p2    |         +|   0|  0|   39|          32|          32|
    |add_ln152_27_fu_2062_p2    |         +|   0|  0|   39|          32|          32|
    |add_ln152_28_fu_2357_p2    |         +|   0|  0|   39|          32|          32|
    |add_ln152_29_fu_2075_p2    |         +|   0|  0|   39|          32|          32|
    |add_ln152_2_fu_1285_p2     |         +|   0|  0|   39|          32|          32|
    |add_ln152_30_fu_2233_p2    |         +|   0|  0|   39|          32|          32|
    |add_ln152_31_fu_2521_p2    |         +|   0|  0|   39|          32|          32|
    |add_ln152_32_fu_2101_p2    |         +|   0|  0|   39|          32|          32|
    |add_ln152_33_fu_2250_p2    |         +|   0|  0|   39|          32|          32|
    |add_ln152_34_fu_2545_p2    |         +|   0|  0|   39|          32|          32|
    |add_ln152_35_fu_2263_p2    |         +|   0|  0|   39|          32|          32|
    |add_ln152_36_fu_2421_p2    |         +|   0|  0|   39|          32|          32|
    |add_ln152_37_fu_2709_p2    |         +|   0|  0|   39|          32|          32|
    |add_ln152_38_fu_2289_p2    |         +|   0|  0|   39|          32|          32|
    |add_ln152_39_fu_2438_p2    |         +|   0|  0|   39|          32|          32|
    |add_ln152_3_fu_1358_p2     |         +|   0|  0|   39|          32|          32|
    |add_ln152_40_fu_2733_p2    |         +|   0|  0|   39|          32|          32|
    |add_ln152_41_fu_2451_p2    |         +|   0|  0|   39|          32|          32|
    |add_ln152_42_fu_2609_p2    |         +|   0|  0|   39|          32|          32|
    |add_ln152_43_fu_2897_p2    |         +|   0|  0|   39|          32|          32|
    |add_ln152_44_fu_2477_p2    |         +|   0|  0|   39|          32|          32|
    |add_ln152_45_fu_2626_p2    |         +|   0|  0|   39|          32|          32|
    |add_ln152_46_fu_2921_p2    |         +|   0|  0|   39|          32|          32|
    |add_ln152_47_fu_2639_p2    |         +|   0|  0|   39|          32|          32|
    |add_ln152_48_fu_2797_p2    |         +|   0|  0|   39|          32|          32|
    |add_ln152_49_fu_3085_p2    |         +|   0|  0|   39|          32|          32|
    |add_ln152_4_fu_1605_p2     |         +|   0|  0|   39|          32|          32|
    |add_ln152_50_fu_2665_p2    |         +|   0|  0|   39|          32|          32|
    |add_ln152_51_fu_2814_p2    |         +|   0|  0|   39|          32|          32|
    |add_ln152_52_fu_3109_p2    |         +|   0|  0|   39|          32|          32|
    |add_ln152_53_fu_2827_p2    |         +|   0|  0|   39|          32|          32|
    |add_ln152_54_fu_2985_p2    |         +|   0|  0|   39|          32|          32|
    |add_ln152_55_fu_3253_p2    |         +|   0|  0|   39|          32|          32|
    |add_ln152_56_fu_2853_p2    |         +|   0|  0|   39|          32|          32|
    |add_ln152_57_fu_3002_p2    |         +|   0|  0|   39|          32|          32|
    |add_ln152_58_fu_3277_p2    |         +|   0|  0|   39|          32|          32|
    |add_ln152_59_fu_3015_p2    |         +|   0|  0|   39|          32|          32|
    |add_ln152_5_fu_1371_p2     |         +|   0|  0|   39|          32|          32|
    |add_ln152_60_fu_3173_p2    |         +|   0|  0|   39|          32|          32|
    |add_ln152_61_fu_3493_p2    |         +|   0|  0|   39|          32|          32|
    |add_ln152_62_fu_3041_p2    |         +|   0|  0|   39|          32|          32|
    |add_ln152_63_fu_3190_p2    |         +|   0|  0|   39|          32|          32|
    |add_ln152_64_fu_3517_p2    |         +|   0|  0|   39|          32|          32|
    |add_ln152_65_fu_3203_p2    |         +|   0|  0|   39|          32|          32|
    |add_ln152_66_fu_3341_p2    |         +|   0|  0|   39|          32|          32|
    |add_ln152_67_fu_3661_p2    |         +|   0|  0|   39|          32|          32|
    |add_ln152_68_fu_3229_p2    |         +|   0|  0|   39|          32|          32|
    |add_ln152_69_fu_3358_p2    |         +|   0|  0|   39|          32|          32|
    |add_ln152_6_fu_1481_p2     |         +|   0|  0|   39|          32|          32|
    |add_ln152_70_fu_3685_p2    |         +|   0|  0|   39|          32|          32|
    |add_ln152_71_fu_3371_p2    |         +|   0|  0|   39|          32|          32|
    |add_ln152_72_fu_3581_p2    |         +|   0|  0|   39|          32|          32|
    |add_ln152_73_fu_3823_p2    |         +|   0|  0|   39|          32|          32|
    |add_ln152_74_fu_3397_p2    |         +|   0|  0|   39|          32|          32|
    |add_ln152_75_fu_3598_p2    |         +|   0|  0|   39|          32|          32|
    |add_ln152_76_fu_3845_p2    |         +|   0|  0|   39|          32|          32|
    |add_ln152_77_fu_3611_p2    |         +|   0|  0|   39|          32|          32|
    |add_ln152_78_fu_3749_p2    |         +|   0|  0|   39|          32|          32|
    |add_ln152_79_fu_3931_p2    |         +|   0|  0|   39|          32|          32|
    |add_ln152_7_fu_1769_p2     |         +|   0|  0|   39|          32|          32|
    |add_ln152_80_fu_3637_p2    |         +|   0|  0|   39|          32|          32|
    |add_ln152_81_fu_3766_p2    |         +|   0|  0|   39|          32|          32|
    |add_ln152_82_fu_3953_p2    |         +|   0|  0|   39|          32|          32|
    |add_ln152_83_fu_3778_p2    |         +|   0|  0|   39|          32|          32|
    |add_ln152_84_fu_3906_p2    |         +|   0|  0|   39|          32|          32|
    |add_ln152_85_fu_4012_p2    |         +|   0|  0|   39|          32|          32|
    |add_ln152_86_fu_4029_p2    |         +|   0|  0|   39|          32|          32|
    |add_ln152_87_fu_4046_p2    |         +|   0|  0|   39|          32|          32|
    |add_ln152_8_fu_1397_p2     |         +|   0|  0|   39|          32|          32|
    |add_ln152_9_fu_1498_p2     |         +|   0|  0|   39|          32|          32|
    |add_ln152_fu_1253_p2       |         +|   0|  0|   39|          32|          32|
    |add_ln160_fu_3995_p2       |         +|   0|  0|   39|          32|          32|
    |add_ln165_1_fu_1581_p2     |         +|   0|  0|   39|          32|          32|
    |add_ln165_fu_1341_p2       |         +|   0|  0|   39|          32|          32|
    |sel_tmp100_fu_1464_p2      |         +|   0|  0|   39|          32|          32|
    |sel_tmp103_fu_1611_p2      |         +|   0|  0|   39|          32|          32|
    |sel_tmp112_fu_1377_p2      |         +|   0|  0|   39|          32|          32|
    |sel_tmp118_fu_1470_p2      |         +|   0|  0|   39|          32|          32|
    |sel_tmp121_fu_1624_p2      |         +|   0|  0|   39|          32|          32|
    |sel_tmp127_fu_1635_p2      |         +|   0|  0|   39|          32|          32|
    |sel_tmp130_fu_1775_p2      |         +|   0|  0|   39|          32|          32|
    |sel_tmp139_fu_1403_p2      |         +|   0|  0|   39|          32|          32|
    |sel_tmp145_fu_1487_p2      |         +|   0|  0|   39|          32|          32|
    |sel_tmp148_fu_1641_p2      |         +|   0|  0|   39|          32|          32|
    |sel_tmp154_fu_1652_p2      |         +|   0|  0|   39|          32|          32|
    |sel_tmp157_fu_1799_p2      |         +|   0|  0|   39|          32|          32|
    |sel_tmp166_fu_1517_p2      |         +|   0|  0|   39|          32|          32|
    |sel_tmp172_fu_1658_p2      |         +|   0|  0|   39|          32|          32|
    |sel_tmp175_fu_1812_p2      |         +|   0|  0|   39|          32|          32|
    |sel_tmp181_fu_1823_p2      |         +|   0|  0|   39|          32|          32|
    |sel_tmp184_fu_1963_p2      |         +|   0|  0|   39|          32|          32|
    |sel_tmp193_fu_1543_p2      |         +|   0|  0|   39|          32|          32|
    |sel_tmp199_fu_1675_p2      |         +|   0|  0|   39|          32|          32|
    |sel_tmp202_fu_1829_p2      |         +|   0|  0|   39|          32|          32|
    |sel_tmp208_fu_1840_p2      |         +|   0|  0|   39|          32|          32|
    |sel_tmp211_fu_1987_p2      |         +|   0|  0|   39|          32|          32|
    |sel_tmp220_fu_1705_p2      |         +|   0|  0|   39|          32|          32|
    |sel_tmp226_fu_1846_p2      |         +|   0|  0|   39|          32|          32|
    |sel_tmp229_fu_2000_p2      |         +|   0|  0|   39|          32|          32|
    |sel_tmp235_fu_2011_p2      |         +|   0|  0|   39|          32|          32|
    |sel_tmp238_fu_2151_p2      |         +|   0|  0|   39|          32|          32|
    |sel_tmp247_fu_1731_p2      |         +|   0|  0|   39|          32|          32|
    |sel_tmp253_fu_1863_p2      |         +|   0|  0|   39|          32|          32|
    |sel_tmp256_fu_2017_p2      |         +|   0|  0|   39|          32|          32|
    |sel_tmp262_fu_2028_p2      |         +|   0|  0|   39|          32|          32|
    |sel_tmp265_fu_2175_p2      |         +|   0|  0|   39|          32|          32|
    |sel_tmp274_fu_1893_p2      |         +|   0|  0|   39|          32|          32|
    |sel_tmp280_fu_2034_p2      |         +|   0|  0|   39|          32|          32|
    |sel_tmp283_fu_2188_p2      |         +|   0|  0|   39|          32|          32|
    |sel_tmp289_fu_2199_p2      |         +|   0|  0|   39|          32|          32|
    |sel_tmp292_fu_2339_p2      |         +|   0|  0|   39|          32|          32|
    |sel_tmp301_fu_1919_p2      |         +|   0|  0|   39|          32|          32|
    |sel_tmp307_fu_2051_p2      |         +|   0|  0|   39|          32|          32|
    |sel_tmp310_fu_2205_p2      |         +|   0|  0|   39|          32|          32|
    |sel_tmp316_fu_2216_p2      |         +|   0|  0|   39|          32|          32|
    |sel_tmp319_fu_2363_p2      |         +|   0|  0|   39|          32|          32|
    |sel_tmp328_fu_2081_p2      |         +|   0|  0|   39|          32|          32|
    |sel_tmp334_fu_2222_p2      |         +|   0|  0|   39|          32|          32|
    |sel_tmp337_fu_2376_p2      |         +|   0|  0|   39|          32|          32|
    |sel_tmp343_fu_2387_p2      |         +|   0|  0|   39|          32|          32|
    |sel_tmp346_fu_2527_p2      |         +|   0|  0|   39|          32|          32|
    |sel_tmp355_fu_2107_p2      |         +|   0|  0|   39|          32|          32|
    |sel_tmp361_fu_2239_p2      |         +|   0|  0|   39|          32|          32|
    |sel_tmp364_fu_2393_p2      |         +|   0|  0|   39|          32|          32|
    |sel_tmp370_fu_2404_p2      |         +|   0|  0|   39|          32|          32|
    |sel_tmp373_fu_2551_p2      |         +|   0|  0|   39|          32|          32|
    |sel_tmp382_fu_2269_p2      |         +|   0|  0|   39|          32|          32|
    |sel_tmp388_fu_2410_p2      |         +|   0|  0|   39|          32|          32|
    |sel_tmp391_fu_2564_p2      |         +|   0|  0|   39|          32|          32|
    |sel_tmp397_fu_2575_p2      |         +|   0|  0|   39|          32|          32|
    |sel_tmp400_fu_2715_p2      |         +|   0|  0|   39|          32|          32|
    |sel_tmp409_fu_2295_p2      |         +|   0|  0|   39|          32|          32|
    |sel_tmp415_fu_2427_p2      |         +|   0|  0|   39|          32|          32|
    |sel_tmp418_fu_2581_p2      |         +|   0|  0|   39|          32|          32|
    |sel_tmp424_fu_2592_p2      |         +|   0|  0|   39|          32|          32|
    |sel_tmp427_fu_2739_p2      |         +|   0|  0|   39|          32|          32|
    |sel_tmp436_fu_2457_p2      |         +|   0|  0|   39|          32|          32|
    |sel_tmp442_fu_2598_p2      |         +|   0|  0|   39|          32|          32|
    |sel_tmp445_fu_2752_p2      |         +|   0|  0|   39|          32|          32|
    |sel_tmp451_fu_2763_p2      |         +|   0|  0|   39|          32|          32|
    |sel_tmp454_fu_2903_p2      |         +|   0|  0|   39|          32|          32|
    |sel_tmp463_fu_2483_p2      |         +|   0|  0|   39|          32|          32|
    |sel_tmp469_fu_2615_p2      |         +|   0|  0|   39|          32|          32|
    |sel_tmp472_fu_2769_p2      |         +|   0|  0|   39|          32|          32|
    |sel_tmp478_fu_2780_p2      |         +|   0|  0|   39|          32|          32|
    |sel_tmp481_fu_2927_p2      |         +|   0|  0|   39|          32|          32|
    |sel_tmp490_fu_2645_p2      |         +|   0|  0|   39|          32|          32|
    |sel_tmp496_fu_2786_p2      |         +|   0|  0|   39|          32|          32|
    |sel_tmp499_fu_2940_p2      |         +|   0|  0|   39|          32|          32|
    |sel_tmp505_fu_2951_p2      |         +|   0|  0|   39|          32|          32|
    |sel_tmp508_fu_3091_p2      |         +|   0|  0|   39|          32|          32|
    |sel_tmp517_fu_2671_p2      |         +|   0|  0|   39|          32|          32|
    |sel_tmp523_fu_2803_p2      |         +|   0|  0|   39|          32|          32|
    |sel_tmp526_fu_2957_p2      |         +|   0|  0|   39|          32|          32|
    |sel_tmp532_fu_2968_p2      |         +|   0|  0|   39|          32|          32|
    |sel_tmp535_fu_3115_p2      |         +|   0|  0|   39|          32|          32|
    |sel_tmp544_fu_2833_p2      |         +|   0|  0|   39|          32|          32|
    |sel_tmp550_fu_2974_p2      |         +|   0|  0|   39|          32|          32|
    |sel_tmp553_fu_3128_p2      |         +|   0|  0|   39|          32|          32|
    |sel_tmp559_fu_3139_p2      |         +|   0|  0|   39|          32|          32|
    |sel_tmp562_fu_3259_p2      |         +|   0|  0|   39|          32|          32|
    |sel_tmp571_fu_2859_p2      |         +|   0|  0|   39|          32|          32|
    |sel_tmp577_fu_2991_p2      |         +|   0|  0|   39|          32|          32|
    |sel_tmp580_fu_3145_p2      |         +|   0|  0|   39|          32|          32|
    |sel_tmp586_fu_3156_p2      |         +|   0|  0|   39|          32|          32|
    |sel_tmp589_fu_3283_p2      |         +|   0|  0|   39|          32|          32|
    |sel_tmp598_fu_3021_p2      |         +|   0|  0|   39|          32|          32|
    |sel_tmp604_fu_3162_p2      |         +|   0|  0|   39|          32|          32|
    |sel_tmp607_fu_3296_p2      |         +|   0|  0|   39|          32|          32|
    |sel_tmp613_fu_3307_p2      |         +|   0|  0|   39|          32|          32|
    |sel_tmp616_fu_3499_p2      |         +|   0|  0|   39|          32|          32|
    |sel_tmp625_fu_3047_p2      |         +|   0|  0|   39|          32|          32|
    |sel_tmp631_fu_3179_p2      |         +|   0|  0|   39|          32|          32|
    |sel_tmp634_fu_3313_p2      |         +|   0|  0|   39|          32|          32|
    |sel_tmp640_fu_3324_p2      |         +|   0|  0|   39|          32|          32|
    |sel_tmp643_fu_3523_p2      |         +|   0|  0|   39|          32|          32|
    |sel_tmp64_fu_1329_p2       |         +|   0|  0|   39|          32|          32|
    |sel_tmp652_fu_3209_p2      |         +|   0|  0|   39|          32|          32|
    |sel_tmp658_fu_3330_p2      |         +|   0|  0|   39|          32|          32|
    |sel_tmp661_fu_3536_p2      |         +|   0|  0|   39|          32|          32|
    |sel_tmp667_fu_3547_p2      |         +|   0|  0|   39|          32|          32|
    |sel_tmp670_fu_3667_p2      |         +|   0|  0|   39|          32|          32|
    |sel_tmp679_fu_3235_p2      |         +|   0|  0|   39|          32|          32|
    |sel_tmp67_fu_1436_p2       |         +|   0|  0|   39|          32|          32|
    |sel_tmp685_fu_3347_p2      |         +|   0|  0|   39|          32|          32|
    |sel_tmp688_fu_3553_p2      |         +|   0|  0|   39|          32|          32|
    |sel_tmp694_fu_3564_p2      |         +|   0|  0|   39|          32|          32|
    |sel_tmp697_fu_3691_p2      |         +|   0|  0|   39|          32|          32|
    |sel_tmp706_fu_3377_p2      |         +|   0|  0|   39|          32|          32|
    |sel_tmp712_fu_3570_p2      |         +|   0|  0|   39|          32|          32|
    |sel_tmp715_fu_3704_p2      |         +|   0|  0|   39|          32|          32|
    |sel_tmp721_fu_3715_p2      |         +|   0|  0|   39|          32|          32|
    |sel_tmp724_fu_3828_p2      |         +|   0|  0|   39|          32|          32|
    |sel_tmp733_fu_3403_p2      |         +|   0|  0|   39|          32|          32|
    |sel_tmp739_fu_3587_p2      |         +|   0|  0|   39|          32|          32|
    |sel_tmp73_fu_1447_p2       |         +|   0|  0|   39|          32|          32|
    |sel_tmp742_fu_3721_p2      |         +|   0|  0|   39|          32|          32|
    |sel_tmp748_fu_3732_p2      |         +|   0|  0|   39|          32|          32|
    |sel_tmp751_fu_3850_p2      |         +|   0|  0|   39|          32|          32|
    |sel_tmp760_fu_3617_p2      |         +|   0|  0|   39|          32|          32|
    |sel_tmp766_fu_3738_p2      |         +|   0|  0|   39|          32|          32|
    |sel_tmp769_fu_3862_p2      |         +|   0|  0|   39|          32|          32|
    |sel_tmp76_fu_1587_p2       |         +|   0|  0|   39|          32|          32|
    |sel_tmp775_fu_3873_p2      |         +|   0|  0|   39|          32|          32|
    |sel_tmp778_fu_3936_p2      |         +|   0|  0|   39|          32|          32|
    |sel_tmp787_fu_3643_p2      |         +|   0|  0|   39|          32|          32|
    |sel_tmp793_fu_3755_p2      |         +|   0|  0|   39|          32|          32|
    |sel_tmp796_fu_3879_p2      |         +|   0|  0|   39|          32|          32|
    |sel_tmp802_fu_3890_p2      |         +|   0|  0|   39|          32|          32|
    |sel_tmp805_fu_3958_p2      |         +|   0|  0|   39|          32|          32|
    |sel_tmp814_fu_3783_p2      |         +|   0|  0|   39|          32|          32|
    |sel_tmp820_fu_3896_p2      |         +|   0|  0|   39|          32|          32|
    |sel_tmp823_fu_3970_p2      |         +|   0|  0|   39|          32|          32|
    |sel_tmp829_fu_3980_p2      |         +|   0|  0|   39|          32|          32|
    |sel_tmp832_fu_4017_p2      |         +|   0|  0|   39|          32|          32|
    |sel_tmp841_fu_3806_p2      |         +|   0|  0|   39|          32|          32|
    |sel_tmp847_fu_3911_p2      |         +|   0|  0|   39|          32|          32|
    |sel_tmp850_fu_3985_p2      |         +|   0|  0|   39|          32|          32|
    |sel_tmp85_fu_1291_p2       |         +|   0|  0|   39|          32|          32|
    |sel_tmp91_fu_1347_p2       |         +|   0|  0|   39|          32|          32|
    |sel_tmp94_fu_1453_p2       |         +|   0|  0|   39|          32|          32|
    |empty_13_fu_1122_p2        |         -|   0|  0|   12|          11|          11|
    |sel_tmp59_fu_1176_p2       |       and|   0|  0|    2|           1|           1|
    |cmp48_fu_1133_p2           |      icmp|   0|  0|    9|           5|           1|
    |cmp76_fu_1139_p2           |      icmp|   0|  0|    9|           5|           3|
    |icmp_ln130_fu_1086_p2      |      icmp|   0|  0|    9|           5|           3|
    |or_ln132_fu_1145_p2        |        or|   0|  0|   11|          11|           1|
    |or_ln146_fu_1166_p2        |        or|   0|  0|    2|           1|           1|
    |sel_tmp857_fu_4033_p3      |    select|   0|  0|   32|           1|          32|
    |sel_tmp_fu_1258_p3         |    select|   0|  0|   32|           1|          32|
    |select_ln146_1_fu_4000_p3  |    select|   0|  0|   32|           1|          32|
    |select_ln146_fu_1246_p3    |    select|   0|  0|   32|           1|           1|
    |tmp_103_0_0_fu_2658_p3     |    select|   0|  0|   32|           1|           1|
    |tmp_103_0_2_fu_2677_p3     |    select|   0|  0|   32|           1|          32|
    |tmp_103_1_0_fu_2808_p3     |    select|   0|  0|   32|           1|          32|
    |tmp_103_1_2_fu_2962_p3     |    select|   0|  0|   32|           1|          32|
    |tmp_103_2_0_fu_3104_p3     |    select|   0|  0|   32|           1|          32|
    |tmp_103_2_2_fu_3121_p3     |    select|   0|  0|   32|           1|          32|
    |tmp_109_0_0_fu_2820_p3     |    select|   0|  0|   32|           1|           1|
    |tmp_109_0_2_fu_2839_p3     |    select|   0|  0|   32|           1|          32|
    |tmp_109_1_0_fu_2979_p3     |    select|   0|  0|   32|           1|          32|
    |tmp_109_1_2_fu_3133_p3     |    select|   0|  0|   32|           1|          32|
    |tmp_109_2_0_fu_3248_p3     |    select|   0|  0|   32|           1|          32|
    |tmp_109_2_2_fu_3265_p3     |    select|   0|  0|   32|           1|          32|
    |tmp_115_0_0_fu_2846_p3     |    select|   0|  0|   32|           1|           1|
    |tmp_115_0_2_fu_2865_p3     |    select|   0|  0|   32|           1|          32|
    |tmp_115_1_0_fu_2996_p3     |    select|   0|  0|   32|           1|          32|
    |tmp_115_1_2_fu_3150_p3     |    select|   0|  0|   32|           1|          32|
    |tmp_115_2_0_fu_3272_p3     |    select|   0|  0|   32|           1|          32|
    |tmp_115_2_2_fu_3289_p3     |    select|   0|  0|   32|           1|          32|
    |tmp_121_0_0_fu_3008_p3     |    select|   0|  0|   32|           1|           1|
    |tmp_121_0_2_fu_3027_p3     |    select|   0|  0|   32|           1|          32|
    |tmp_121_1_0_fu_3167_p3     |    select|   0|  0|   32|           1|          32|
    |tmp_121_1_2_fu_3301_p3     |    select|   0|  0|   32|           1|          32|
    |tmp_121_2_0_fu_3488_p3     |    select|   0|  0|   32|           1|          32|
    |tmp_121_2_2_fu_3505_p3     |    select|   0|  0|   32|           1|          32|
    |tmp_127_0_0_fu_3034_p3     |    select|   0|  0|   32|           1|           1|
    |tmp_127_0_2_fu_3053_p3     |    select|   0|  0|   32|           1|          32|
    |tmp_127_1_0_fu_3184_p3     |    select|   0|  0|   32|           1|          32|
    |tmp_127_1_2_fu_3318_p3     |    select|   0|  0|   32|           1|          32|
    |tmp_127_2_0_fu_3512_p3     |    select|   0|  0|   32|           1|          32|
    |tmp_127_2_2_fu_3529_p3     |    select|   0|  0|   32|           1|          32|
    |tmp_12_0_0_fu_1364_p3      |    select|   0|  0|   32|           1|           1|
    |tmp_12_0_2_fu_1383_p3      |    select|   0|  0|   32|           1|          32|
    |tmp_12_1_0_fu_1475_p3      |    select|   0|  0|   32|           1|          32|
    |tmp_12_1_2_fu_1629_p3      |    select|   0|  0|   32|           1|          32|
    |tmp_12_2_0_fu_1764_p3      |    select|   0|  0|   32|           1|          32|
    |tmp_12_2_2_fu_1781_p3      |    select|   0|  0|   32|           1|          32|
    |tmp_133_0_0_fu_3196_p3     |    select|   0|  0|   32|           1|           1|
    |tmp_133_0_2_fu_3215_p3     |    select|   0|  0|   32|           1|          32|
    |tmp_133_1_0_fu_3335_p3     |    select|   0|  0|   32|           1|          32|
    |tmp_133_1_2_fu_3541_p3     |    select|   0|  0|   32|           1|          32|
    |tmp_133_2_0_fu_3656_p3     |    select|   0|  0|   32|           1|          32|
    |tmp_133_2_2_fu_3673_p3     |    select|   0|  0|   32|           1|          32|
    |tmp_139_0_0_fu_3222_p3     |    select|   0|  0|   32|           1|           1|
    |tmp_139_0_2_fu_3241_p3     |    select|   0|  0|   32|           1|          32|
    |tmp_139_1_0_fu_3352_p3     |    select|   0|  0|   32|           1|          32|
    |tmp_139_1_2_fu_3558_p3     |    select|   0|  0|   32|           1|          32|
    |tmp_139_2_0_fu_3680_p3     |    select|   0|  0|   32|           1|          32|
    |tmp_139_2_2_fu_3697_p3     |    select|   0|  0|   32|           1|          32|
    |tmp_145_0_0_fu_3364_p3     |    select|   0|  0|   32|           1|           1|
    |tmp_145_0_2_fu_3383_p3     |    select|   0|  0|   32|           1|          32|
    |tmp_145_1_0_fu_3575_p3     |    select|   0|  0|   32|           1|          32|
    |tmp_145_1_2_fu_3709_p3     |    select|   0|  0|   32|           1|          32|
    |tmp_145_2_0_fu_3818_p3     |    select|   0|  0|   32|           1|          32|
    |tmp_145_2_2_fu_3833_p3     |    select|   0|  0|   32|           1|          32|
    |tmp_151_0_0_fu_3390_p3     |    select|   0|  0|   32|           1|           1|
    |tmp_151_0_2_fu_3409_p3     |    select|   0|  0|   32|           1|          32|
    |tmp_151_1_0_fu_3592_p3     |    select|   0|  0|   32|           1|          32|
    |tmp_151_1_2_fu_3726_p3     |    select|   0|  0|   32|           1|          32|
    |tmp_151_2_0_fu_3840_p3     |    select|   0|  0|   32|           1|          32|
    |tmp_151_2_2_fu_3855_p3     |    select|   0|  0|   32|           1|          32|
    |tmp_157_0_0_fu_3604_p3     |    select|   0|  0|   32|           1|           1|
    |tmp_157_0_2_fu_3623_p3     |    select|   0|  0|   32|           1|          32|
    |tmp_157_1_0_fu_3743_p3     |    select|   0|  0|   32|           1|          32|
    |tmp_157_1_2_fu_3867_p3     |    select|   0|  0|   32|           1|          32|
    |tmp_157_2_0_fu_3926_p3     |    select|   0|  0|   32|           1|          32|
    |tmp_157_2_2_fu_3941_p3     |    select|   0|  0|   32|           1|          32|
    |tmp_163_0_0_fu_3630_p3     |    select|   0|  0|   32|           1|           1|
    |tmp_163_0_2_fu_3649_p3     |    select|   0|  0|   32|           1|          32|
    |tmp_163_1_0_fu_3760_p3     |    select|   0|  0|   32|           1|          32|
    |tmp_163_1_2_fu_3884_p3     |    select|   0|  0|   32|           1|          32|
    |tmp_163_2_0_fu_3948_p3     |    select|   0|  0|   32|           1|          32|
    |tmp_163_2_2_fu_3963_p3     |    select|   0|  0|   32|           1|          32|
    |tmp_169_0_0_fu_3772_p3     |    select|   0|  0|   32|           1|           1|
    |tmp_169_0_2_fu_3788_p3     |    select|   0|  0|   32|           1|          32|
    |tmp_169_1_0_fu_3900_p3     |    select|   0|  0|   32|           1|          32|
    |tmp_169_1_2_fu_3974_p3     |    select|   0|  0|   32|           1|          32|
    |tmp_169_2_0_fu_4007_p3     |    select|   0|  0|   32|           1|          32|
    |tmp_169_2_2_fu_4022_p3     |    select|   0|  0|   32|           1|          32|
    |tmp_174_0_0_fu_3795_p3     |    select|   0|  0|   32|           1|           1|
    |tmp_174_0_2_fu_3811_p3     |    select|   0|  0|   32|           1|          32|
    |tmp_174_1_0_fu_3915_p3     |    select|   0|  0|   32|           1|          32|
    |tmp_174_1_2_fu_3989_p3     |    select|   0|  0|   32|           1|          32|
    |tmp_174_2_1_fu_4039_p3     |    select|   0|  0|   32|           1|          32|
    |tmp_174_2_2_fu_4051_p3     |    select|   0|  0|   32|           1|          32|
    |tmp_19_0_0_fu_1390_p3      |    select|   0|  0|   32|           1|           1|
    |tmp_19_0_2_fu_1409_p3      |    select|   0|  0|   32|           1|          32|
    |tmp_19_1_0_fu_1492_p3      |    select|   0|  0|   32|           1|          32|
    |tmp_19_1_2_fu_1646_p3      |    select|   0|  0|   32|           1|          32|
    |tmp_19_2_0_fu_1788_p3      |    select|   0|  0|   32|           1|          32|
    |tmp_19_2_2_fu_1805_p3      |    select|   0|  0|   32|           1|          32|
    |tmp_25_0_0_fu_1504_p3      |    select|   0|  0|   32|           1|           1|
    |tmp_25_0_2_fu_1523_p3      |    select|   0|  0|   32|           1|          32|
    |tmp_25_1_0_fu_1663_p3      |    select|   0|  0|   32|           1|          32|
    |tmp_25_1_2_fu_1817_p3      |    select|   0|  0|   32|           1|          32|
    |tmp_25_2_0_fu_1952_p3      |    select|   0|  0|   32|           1|          32|
    |tmp_25_2_2_fu_1969_p3      |    select|   0|  0|   32|           1|          32|
    |tmp_2_0_1_fu_1265_p3       |    select|   0|  0|   32|           1|          32|
    |tmp_2_0_2_fu_1324_p3       |    select|   0|  0|   32|           1|          32|
    |tmp_2_1_0_fu_1335_p3       |    select|   0|  0|   32|           1|          32|
    |tmp_2_1_2_fu_1441_p3       |    select|   0|  0|   32|           1|          32|
    |tmp_2_2_0_fu_1576_p3       |    select|   0|  0|   32|           1|          32|
    |tmp_2_2_2_fu_1593_p3       |    select|   0|  0|   32|           1|          32|
    |tmp_31_0_0_fu_1530_p3      |    select|   0|  0|   32|           1|           1|
    |tmp_31_0_2_fu_1549_p3      |    select|   0|  0|   32|           1|          32|
    |tmp_31_1_0_fu_1680_p3      |    select|   0|  0|   32|           1|          32|
    |tmp_31_1_2_fu_1834_p3      |    select|   0|  0|   32|           1|          32|
    |tmp_31_2_0_fu_1976_p3      |    select|   0|  0|   32|           1|          32|
    |tmp_31_2_2_fu_1993_p3      |    select|   0|  0|   32|           1|          32|
    |tmp_37_0_0_fu_1692_p3      |    select|   0|  0|   32|           1|           1|
    |tmp_37_0_2_fu_1711_p3      |    select|   0|  0|   32|           1|          32|
    |tmp_37_1_0_fu_1851_p3      |    select|   0|  0|   32|           1|          32|
    |tmp_37_1_2_fu_2005_p3      |    select|   0|  0|   32|           1|          32|
    |tmp_37_2_0_fu_2140_p3      |    select|   0|  0|   32|           1|          32|
    |tmp_37_2_2_fu_2157_p3      |    select|   0|  0|   32|           1|          32|
    |tmp_43_0_0_fu_1718_p3      |    select|   0|  0|   32|           1|           1|
    |tmp_43_0_2_fu_1737_p3      |    select|   0|  0|   32|           1|          32|
    |tmp_43_1_0_fu_1868_p3      |    select|   0|  0|   32|           1|          32|
    |tmp_43_1_2_fu_2022_p3      |    select|   0|  0|   32|           1|          32|
    |tmp_43_2_0_fu_2164_p3      |    select|   0|  0|   32|           1|          32|
    |tmp_43_2_2_fu_2181_p3      |    select|   0|  0|   32|           1|          32|
    |tmp_49_0_0_fu_1880_p3      |    select|   0|  0|   32|           1|           1|
    |tmp_49_0_2_fu_1899_p3      |    select|   0|  0|   32|           1|          32|
    |tmp_49_1_0_fu_2039_p3      |    select|   0|  0|   32|           1|          32|
    |tmp_49_1_2_fu_2193_p3      |    select|   0|  0|   32|           1|          32|
    |tmp_49_2_0_fu_2328_p3      |    select|   0|  0|   32|           1|          32|
    |tmp_49_2_2_fu_2345_p3      |    select|   0|  0|   32|           1|          32|
    |tmp_55_0_0_fu_1906_p3      |    select|   0|  0|   32|           1|           1|
    |tmp_55_0_2_fu_1925_p3      |    select|   0|  0|   32|           1|          32|
    |tmp_55_1_0_fu_2056_p3      |    select|   0|  0|   32|           1|          32|
    |tmp_55_1_2_fu_2210_p3      |    select|   0|  0|   32|           1|          32|
    |tmp_55_2_0_fu_2352_p3      |    select|   0|  0|   32|           1|          32|
    |tmp_55_2_2_fu_2369_p3      |    select|   0|  0|   32|           1|          32|
    |tmp_5_0_0_fu_1278_p3       |    select|   0|  0|   32|           1|           1|
    |tmp_5_0_2_fu_1297_p3       |    select|   0|  0|   32|           1|          32|
    |tmp_5_1_0_fu_1352_p3       |    select|   0|  0|   32|           1|          32|
    |tmp_5_1_2_fu_1458_p3       |    select|   0|  0|   32|           1|          32|
    |tmp_5_2_0_fu_1600_p3       |    select|   0|  0|   32|           1|          32|
    |tmp_5_2_2_fu_1617_p3       |    select|   0|  0|   32|           1|          32|
    |tmp_61_0_0_fu_2068_p3      |    select|   0|  0|   32|           1|           1|
    |tmp_61_0_2_fu_2087_p3      |    select|   0|  0|   32|           1|          32|
    |tmp_61_1_0_fu_2227_p3      |    select|   0|  0|   32|           1|          32|
    |tmp_61_1_2_fu_2381_p3      |    select|   0|  0|   32|           1|          32|
    |tmp_61_2_0_fu_2516_p3      |    select|   0|  0|   32|           1|          32|
    |tmp_61_2_2_fu_2533_p3      |    select|   0|  0|   32|           1|          32|
    |tmp_67_0_0_fu_2094_p3      |    select|   0|  0|   32|           1|           1|
    |tmp_67_0_2_fu_2113_p3      |    select|   0|  0|   32|           1|          32|
    |tmp_67_1_0_fu_2244_p3      |    select|   0|  0|   32|           1|          32|
    |tmp_67_1_2_fu_2398_p3      |    select|   0|  0|   32|           1|          32|
    |tmp_67_2_0_fu_2540_p3      |    select|   0|  0|   32|           1|          32|
    |tmp_67_2_2_fu_2557_p3      |    select|   0|  0|   32|           1|          32|
    |tmp_73_0_0_fu_2256_p3      |    select|   0|  0|   32|           1|           1|
    |tmp_73_0_2_fu_2275_p3      |    select|   0|  0|   32|           1|          32|
    |tmp_73_1_0_fu_2415_p3      |    select|   0|  0|   32|           1|          32|
    |tmp_73_1_2_fu_2569_p3      |    select|   0|  0|   32|           1|          32|
    |tmp_73_2_0_fu_2704_p3      |    select|   0|  0|   32|           1|          32|
    |tmp_73_2_2_fu_2721_p3      |    select|   0|  0|   32|           1|          32|
    |tmp_79_0_0_fu_2282_p3      |    select|   0|  0|   32|           1|           1|
    |tmp_79_0_2_fu_2301_p3      |    select|   0|  0|   32|           1|          32|
    |tmp_79_1_0_fu_2432_p3      |    select|   0|  0|   32|           1|          32|
    |tmp_79_1_2_fu_2586_p3      |    select|   0|  0|   32|           1|          32|
    |tmp_79_2_0_fu_2728_p3      |    select|   0|  0|   32|           1|          32|
    |tmp_79_2_2_fu_2745_p3      |    select|   0|  0|   32|           1|          32|
    |tmp_85_0_0_fu_2444_p3      |    select|   0|  0|   32|           1|           1|
    |tmp_85_0_2_fu_2463_p3      |    select|   0|  0|   32|           1|          32|
    |tmp_85_1_0_fu_2603_p3      |    select|   0|  0|   32|           1|          32|
    |tmp_85_1_2_fu_2757_p3      |    select|   0|  0|   32|           1|          32|
    |tmp_85_2_0_fu_2892_p3      |    select|   0|  0|   32|           1|          32|
    |tmp_85_2_2_fu_2909_p3      |    select|   0|  0|   32|           1|          32|
    |tmp_91_0_0_fu_2470_p3      |    select|   0|  0|   32|           1|           1|
    |tmp_91_0_2_fu_2489_p3      |    select|   0|  0|   32|           1|          32|
    |tmp_91_1_0_fu_2620_p3      |    select|   0|  0|   32|           1|          32|
    |tmp_91_1_2_fu_2774_p3      |    select|   0|  0|   32|           1|          32|
    |tmp_91_2_0_fu_2916_p3      |    select|   0|  0|   32|           1|          32|
    |tmp_91_2_2_fu_2933_p3      |    select|   0|  0|   32|           1|          32|
    |tmp_97_0_0_fu_2632_p3      |    select|   0|  0|   32|           1|           1|
    |tmp_97_0_2_fu_2651_p3      |    select|   0|  0|   32|           1|          32|
    |tmp_97_1_0_fu_2791_p3      |    select|   0|  0|   32|           1|          32|
    |tmp_97_1_2_fu_2945_p3      |    select|   0|  0|   32|           1|          32|
    |tmp_97_2_0_fu_3080_p3      |    select|   0|  0|   32|           1|          32|
    |tmp_97_2_2_fu_3097_p3      |    select|   0|  0|   32|           1|          32|
    |ap_enable_pp0              |       xor|   0|  0|    2|           1|           2|
    |sel_tmp58_fu_1171_p2       |       xor|   0|  0|    2|           1|           2|
    |xor_ln146_fu_1161_p2       |       xor|   0|  0|    2|           1|           2|
    +---------------------------+----------+----+---+-----+------------+------------+
    |Total                      |          |   0|  0|15657|        8219|       12784|
    +---------------------------+----------+----+---+-----+------------+------------+

    * Multiplexer: 
    +-----------------------------+----+-----------+-----+-----------+
    |             Name            | LUT| Input Size| Bits| Total Bits|
    +-----------------------------+----+-----------+-----+-----------+
    |ap_NS_fsm                    |  65|         16|    1|         16|
    |ap_done_int                  |   9|          2|    1|          2|
    |ap_enable_reg_pp0_iter0      |   9|          2|    1|          2|
    |ap_enable_reg_pp0_iter0_reg  |   9|          2|    1|          2|
    |ap_enable_reg_pp0_iter1      |   9|          2|    1|          2|
    |ap_sig_allocacmp_row_1       |   9|          2|    5|         10|
    |local_in_buffer_address0     |  65|         16|   14|        224|
    |local_in_buffer_address1     |  65|         16|   14|        224|
    |local_out_buffer_address0    |  65|         16|   14|        224|
    |local_out_buffer_address1    |  65|         16|   14|        224|
    |local_out_buffer_d0          |  65|         16|   32|        512|
    |local_out_buffer_d1          |  65|         16|   32|        512|
    |row_fu_118                   |   9|          2|    5|         10|
    +-----------------------------+----+-----------+-----+-----------+
    |Total                        | 509|        124|  135|       1964|
    +-----------------------------+----+-----------+-----+-----------+

    * Register: 
    +----------------------------------+----+----+-----+-----------+
    |               Name               | FF | LUT| Bits| Const Bits|
    +----------------------------------+----+----+-----+-----------+
    |add_ln132_10_cast_reg_4606        |  63|   0|   64|          1|
    |add_ln132_11_cast_reg_4616        |  63|   0|   64|          1|
    |add_ln132_12_cast_reg_4680        |  63|   0|   64|          1|
    |add_ln132_13_cast_reg_4690        |  63|   0|   64|          1|
    |add_ln132_14_cast_reg_4754        |  63|   0|   64|          1|
    |add_ln132_15_cast_reg_4764        |  63|   0|   64|          1|
    |add_ln132_16_cast_reg_4828        |  63|   0|   64|          1|
    |add_ln132_17_cast_reg_4838        |  63|   0|   64|          1|
    |add_ln132_18_cast_reg_4902        |  63|   0|   64|          1|
    |add_ln132_19_cast_reg_4912        |  63|   0|   64|          1|
    |add_ln132_1_cast_reg_4426         |  63|   0|   64|          1|
    |add_ln132_20_cast_reg_4976        |  63|   0|   64|          1|
    |add_ln132_21_cast_reg_4986        |  63|   0|   64|          1|
    |add_ln132_22_cast_reg_5050        |  63|   0|   64|          1|
    |add_ln132_23_cast_reg_5060        |  63|   0|   64|          1|
    |add_ln132_24_cast_reg_5124        |  63|   0|   64|          1|
    |add_ln132_25_cast_reg_5134        |  63|   0|   64|          1|
    |add_ln132_26_cast_reg_5198        |  63|   0|   64|          1|
    |add_ln132_27_cast_reg_5208        |  63|   0|   64|          1|
    |add_ln132_2_cast_reg_4436         |  63|   0|   64|          1|
    |add_ln132_3_cast_reg_4446         |  63|   0|   64|          1|
    |add_ln132_4_cast_reg_4461         |  63|   0|   64|          1|
    |add_ln132_5_cast_reg_4471         |  63|   0|   64|          1|
    |add_ln132_6_cast_reg_4498         |  63|   0|   64|          1|
    |add_ln132_7_cast_reg_4508         |  63|   0|   64|          1|
    |add_ln132_8_cast_reg_4542         |  63|   0|   64|          1|
    |add_ln132_9_cast_reg_4552         |  63|   0|   64|          1|
    |add_ln132_cast_reg_4416           |  63|   0|   64|          1|
    |add_ln150_1_reg_5626              |  32|   0|   32|          0|
    |add_ln152_12_reg_4656             |  32|   0|   32|          0|
    |add_ln152_15_reg_4662             |  32|   0|   32|          0|
    |add_ln152_18_reg_4730             |  32|   0|   32|          0|
    |add_ln152_1_reg_4486              |  32|   0|   32|          0|
    |add_ln152_21_reg_4736             |  32|   0|   32|          0|
    |add_ln152_24_reg_4804             |  32|   0|   32|          0|
    |add_ln152_27_reg_4810             |  32|   0|   32|          0|
    |add_ln152_30_reg_4878             |  32|   0|   32|          0|
    |add_ln152_33_reg_4884             |  32|   0|   32|          0|
    |add_ln152_36_reg_4952             |  32|   0|   32|          0|
    |add_ln152_39_reg_4958             |  32|   0|   32|          0|
    |add_ln152_3_reg_4524              |  32|   0|   32|          0|
    |add_ln152_42_reg_5026             |  32|   0|   32|          0|
    |add_ln152_45_reg_5032             |  32|   0|   32|          0|
    |add_ln152_48_reg_5100             |  32|   0|   32|          0|
    |add_ln152_51_reg_5106             |  32|   0|   32|          0|
    |add_ln152_54_reg_5174             |  32|   0|   32|          0|
    |add_ln152_57_reg_5180             |  32|   0|   32|          0|
    |add_ln152_60_reg_5248             |  32|   0|   32|          0|
    |add_ln152_63_reg_5254             |  32|   0|   32|          0|
    |add_ln152_66_reg_5348             |  32|   0|   32|          0|
    |add_ln152_69_reg_5354             |  32|   0|   32|          0|
    |add_ln152_6_reg_4582              |  32|   0|   32|          0|
    |add_ln152_72_reg_5422             |  32|   0|   32|          0|
    |add_ln152_75_reg_5428             |  32|   0|   32|          0|
    |add_ln152_78_reg_5566             |  32|   0|   32|          0|
    |add_ln152_81_reg_5572             |  32|   0|   32|          0|
    |add_ln152_84_reg_5620             |  32|   0|   32|          0|
    |add_ln152_9_reg_4588              |  32|   0|   32|          0|
    |add_ln165_reg_4518                |  32|   0|   32|          0|
    |ap_CS_fsm                         |  15|   0|   15|          0|
    |ap_done_reg                       |   1|   0|    1|          0|
    |ap_enable_reg_pp0_iter0_reg       |   1|   0|    1|          0|
    |ap_enable_reg_pp0_iter1           |   1|   0|    1|          0|
    |cmp48_reg_4197                    |   1|   0|    1|          0|
    |cmp48_reg_4197_pp0_iter1_reg      |   1|   0|    1|          0|
    |cmp76_reg_4295                    |   1|   0|    1|          0|
    |empty_13_reg_4160                 |  10|   0|   11|          1|
    |icmp_ln130_reg_4156               |   1|   0|    1|          0|
    |local_in_buffer_load_28_reg_5292  |  32|   0|   32|          0|
    |local_in_buffer_load_29_reg_5305  |  32|   0|   32|          0|
    |mul_ln150_1_reg_5511              |  32|   0|   32|          0|
    |mul_ln150_reg_5496                |  32|   0|   32|          0|
    |mul_ln152_73_reg_5272             |  32|   0|   32|          0|
    |mul_ln152_76_reg_5282             |  32|   0|   32|          0|
    |mul_ln152_79_reg_5372             |  32|   0|   32|          0|
    |mul_ln152_82_reg_5382             |  32|   0|   32|          0|
    |mul_ln152_83_reg_5451             |  32|   0|   32|          0|
    |mul_ln152_84_reg_5466             |  32|   0|   32|          0|
    |mul_ln152_85_reg_5481             |  32|   0|   32|          0|
    |mul_ln152_86_reg_5526             |  32|   0|   32|          0|
    |mul_ln152_87_reg_5531             |  32|   0|   32|          0|
    |mul_ln152_reg_4456                |  32|   0|   32|          0|
    |mul_ln160_1_reg_5521              |  32|   0|   32|          0|
    |or_ln132_cast_reg_4306            |  63|   0|   64|          1|
    |or_ln146_reg_4316                 |   1|   0|    1|          0|
    |or_ln146_reg_4316_pp0_iter1_reg   |   1|   0|    1|          0|
    |p_cast_reg_4192                   |  63|   0|   64|          1|
    |reg_1002                          |  32|   0|   32|          0|
    |reg_1006                          |  32|   0|   32|          0|
    |reg_1010                          |  32|   0|   32|          0|
    |reg_1014                          |  32|   0|   32|          0|
    |reg_1018                          |  32|   0|   32|          0|
    |reg_1022                          |  32|   0|   32|          0|
    |reg_1026                          |  32|   0|   32|          0|
    |reg_1030                          |  32|   0|   32|          0|
    |reg_1034                          |  32|   0|   32|          0|
    |reg_1038                          |  32|   0|   32|          0|
    |reg_1042                          |  32|   0|   32|          0|
    |reg_1046                          |  32|   0|   32|          0|
    |reg_1050                          |  32|   0|   32|          0|
    |reg_1054                          |  32|   0|   32|          0|
    |reg_1058                          |  32|   0|   32|          0|
    |reg_1062                          |  32|   0|   32|          0|
    |reg_1066                          |  32|   0|   32|          0|
    |reg_1070                          |  32|   0|   32|          0|
    |reg_1074                          |  32|   0|   32|          0|
    |reg_674                           |  32|   0|   32|          0|
    |reg_678                           |  32|   0|   32|          0|
    |reg_682                           |  32|   0|   32|          0|
    |reg_686                           |  32|   0|   32|          0|
    |reg_870                           |  32|   0|   32|          0|
    |reg_874                           |  32|   0|   32|          0|
    |reg_878                           |  32|   0|   32|          0|
    |reg_882                           |  32|   0|   32|          0|
    |reg_886                           |  32|   0|   32|          0|
    |reg_890                           |  32|   0|   32|          0|
    |reg_894                           |  32|   0|   32|          0|
    |reg_898                           |  32|   0|   32|          0|
    |reg_902                           |  32|   0|   32|          0|
    |reg_906                           |  32|   0|   32|          0|
    |reg_910                           |  32|   0|   32|          0|
    |reg_914                           |  32|   0|   32|          0|
    |reg_918                           |  32|   0|   32|          0|
    |reg_922                           |  32|   0|   32|          0|
    |reg_926                           |  32|   0|   32|          0|
    |reg_930                           |  32|   0|   32|          0|
    |reg_934                           |  32|   0|   32|          0|
    |reg_938                           |  32|   0|   32|          0|
    |reg_942                           |  32|   0|   32|          0|
    |reg_946                           |  32|   0|   32|          0|
    |reg_950                           |  32|   0|   32|          0|
    |reg_954                           |  32|   0|   32|          0|
    |reg_958                           |  32|   0|   32|          0|
    |reg_962                           |  32|   0|   32|          0|
    |reg_966                           |  32|   0|   32|          0|
    |reg_970                           |  32|   0|   32|          0|
    |reg_974                           |  32|   0|   32|          0|
    |reg_978                           |  32|   0|   32|          0|
    |reg_982                           |  32|   0|   32|          0|
    |reg_986                           |  32|   0|   32|          0|
    |reg_990                           |  32|   0|   32|          0|
    |reg_994                           |  32|   0|   32|          0|
    |reg_998                           |  32|   0|   32|          0|
    |row_fu_118                        |   5|   0|    5|          0|
    |sel_tmp100_reg_4577               |  32|   0|   32|          0|
    |sel_tmp127_reg_4641               |  32|   0|   32|          0|
    |sel_tmp154_reg_4651               |  32|   0|   32|          0|
    |sel_tmp181_reg_4715               |  32|   0|   32|          0|
    |sel_tmp208_reg_4725               |  32|   0|   32|          0|
    |sel_tmp235_reg_4789               |  32|   0|   32|          0|
    |sel_tmp262_reg_4799               |  32|   0|   32|          0|
    |sel_tmp289_reg_4863               |  32|   0|   32|          0|
    |sel_tmp316_reg_4873               |  32|   0|   32|          0|
    |sel_tmp343_reg_4937               |  32|   0|   32|          0|
    |sel_tmp370_reg_4947               |  32|   0|   32|          0|
    |sel_tmp397_reg_5011               |  32|   0|   32|          0|
    |sel_tmp424_reg_5021               |  32|   0|   32|          0|
    |sel_tmp451_reg_5085               |  32|   0|   32|          0|
    |sel_tmp478_reg_5095               |  32|   0|   32|          0|
    |sel_tmp505_reg_5159               |  32|   0|   32|          0|
    |sel_tmp532_reg_5169               |  32|   0|   32|          0|
    |sel_tmp559_reg_5233               |  32|   0|   32|          0|
    |sel_tmp586_reg_5243               |  32|   0|   32|          0|
    |sel_tmp59_reg_4322                |   1|   0|    1|          0|
    |sel_tmp59_reg_4322_pp0_iter1_reg  |   1|   0|    1|          0|
    |sel_tmp613_reg_5333               |  32|   0|   32|          0|
    |sel_tmp640_reg_5343               |  32|   0|   32|          0|
    |sel_tmp667_reg_5407               |  32|   0|   32|          0|
    |sel_tmp694_reg_5417               |  32|   0|   32|          0|
    |sel_tmp721_reg_5551               |  32|   0|   32|          0|
    |sel_tmp724_v_reg_5277             |  32|   0|   32|          0|
    |sel_tmp73_reg_4567                |  32|   0|   32|          0|
    |sel_tmp748_reg_5561               |  32|   0|   32|          0|
    |sel_tmp751_v_reg_5287             |  32|   0|   32|          0|
    |sel_tmp775_reg_5605               |  32|   0|   32|          0|
    |sel_tmp778_v_reg_5377             |  32|   0|   32|          0|
    |sel_tmp802_reg_5615               |  32|   0|   32|          0|
    |sel_tmp805_v_reg_5387             |  32|   0|   32|          0|
    |sel_tmp811_reg_5446               |  32|   0|   32|          0|
    |sel_tmp814_v_reg_5456             |  32|   0|   32|          0|
    |sel_tmp820_v_reg_5461             |  32|   0|   32|          0|
    |sel_tmp823_v_reg_5471             |  32|   0|   32|          0|
    |sel_tmp829_reg_5647               |  32|   0|   32|          0|
    |sel_tmp829_v_reg_5476             |  32|   0|   32|          0|
    |sel_tmp832_v_reg_5486             |  32|   0|   32|          0|
    |sel_tmp838_reg_5491               |  32|   0|   32|          0|
    |sel_tmp841_v_reg_5501             |  32|   0|   32|          0|
    |sel_tmp847_v_reg_5506             |  32|   0|   32|          0|
    |sel_tmp850_v_reg_5516             |  32|   0|   32|          0|
    |select_ln146_1_reg_5652           |  32|   0|   32|          0|
    |tmp_103_0_2_reg_5044              |  32|   0|   32|          0|
    |tmp_103_1_2_reg_5164              |  32|   0|   32|          0|
    |tmp_103_2_2_reg_5223              |  32|   0|   32|          0|
    |tmp_109_0_2_reg_5112              |  32|   0|   32|          0|
    |tmp_109_1_2_reg_5228              |  32|   0|   32|          0|
    |tmp_109_2_2_reg_5318              |  32|   0|   32|          0|
    |tmp_115_0_2_reg_5118              |  32|   0|   32|          0|
    |tmp_115_1_2_reg_5238              |  32|   0|   32|          0|
    |tmp_115_2_2_reg_5323              |  32|   0|   32|          0|
    |tmp_121_0_2_reg_5186              |  32|   0|   32|          0|
    |tmp_121_1_2_reg_5328              |  32|   0|   32|          0|
    |tmp_121_2_2_reg_5392              |  32|   0|   32|          0|
    |tmp_127_0_2_reg_5192              |  32|   0|   32|          0|
    |tmp_127_1_2_reg_5338              |  32|   0|   32|          0|
    |tmp_127_2_2_reg_5397              |  32|   0|   32|          0|
    |tmp_12_0_2_reg_4530               |  32|   0|   32|          0|
    |tmp_12_1_2_reg_4636               |  32|   0|   32|          0|
    |tmp_12_2_2_reg_4700               |  32|   0|   32|          0|
    |tmp_133_0_2_reg_5260              |  32|   0|   32|          0|
    |tmp_133_1_2_reg_5402              |  32|   0|   32|          0|
    |tmp_133_2_2_reg_5536              |  32|   0|   32|          0|
    |tmp_139_0_2_reg_5266              |  32|   0|   32|          0|
    |tmp_139_1_2_reg_5412              |  32|   0|   32|          0|
    |tmp_139_2_2_reg_5541              |  32|   0|   32|          0|
    |tmp_145_0_2_reg_5360              |  32|   0|   32|          0|
    |tmp_145_1_2_reg_5546              |  32|   0|   32|          0|
    |tmp_145_2_2_reg_5590              |  32|   0|   32|          0|
    |tmp_151_0_2_reg_5366              |  32|   0|   32|          0|
    |tmp_151_1_2_reg_5556              |  32|   0|   32|          0|
    |tmp_151_2_2_reg_5595              |  32|   0|   32|          0|
    |tmp_157_0_2_reg_5434              |  32|   0|   32|          0|
    |tmp_157_1_2_reg_5600              |  32|   0|   32|          0|
    |tmp_157_2_2_reg_5632              |  32|   0|   32|          0|
    |tmp_163_0_2_reg_5440              |  32|   0|   32|          0|
    |tmp_163_1_2_reg_5610              |  32|   0|   32|          0|
    |tmp_163_2_2_reg_5637              |  32|   0|   32|          0|
    |tmp_169_0_2_reg_5578              |  32|   0|   32|          0|
    |tmp_169_1_2_reg_5642              |  32|   0|   32|          0|
    |tmp_169_2_2_reg_5658              |  32|   0|   32|          0|
    |tmp_174_0_2_reg_5584              |  32|   0|   32|          0|
    |tmp_174_2_2_reg_5663              |  32|   0|   32|          0|
    |tmp_19_0_2_reg_4536               |  32|   0|   32|          0|
    |tmp_19_1_2_reg_4646               |  32|   0|   32|          0|
    |tmp_19_2_2_reg_4705               |  32|   0|   32|          0|
    |tmp_25_0_2_reg_4594               |  32|   0|   32|          0|
    |tmp_25_1_2_reg_4710               |  32|   0|   32|          0|
    |tmp_25_2_2_reg_4774               |  32|   0|   32|          0|
    |tmp_2_0_1_reg_4481                |  32|   0|   32|          0|
    |tmp_2_1_2_reg_4562                |  32|   0|   32|          0|
    |tmp_2_2_2_reg_4626                |  32|   0|   32|          0|
    |tmp_31_0_2_reg_4600               |  32|   0|   32|          0|
    |tmp_31_1_2_reg_4720               |  32|   0|   32|          0|
    |tmp_31_2_2_reg_4779               |  32|   0|   32|          0|
    |tmp_37_0_2_reg_4668               |  32|   0|   32|          0|
    |tmp_37_1_2_reg_4784               |  32|   0|   32|          0|
    |tmp_37_2_2_reg_4848               |  32|   0|   32|          0|
    |tmp_43_0_2_reg_4674               |  32|   0|   32|          0|
    |tmp_43_1_2_reg_4794               |  32|   0|   32|          0|
    |tmp_43_2_2_reg_4853               |  32|   0|   32|          0|
    |tmp_49_0_2_reg_4742               |  32|   0|   32|          0|
    |tmp_49_1_2_reg_4858               |  32|   0|   32|          0|
    |tmp_49_2_2_reg_4922               |  32|   0|   32|          0|
    |tmp_55_0_2_reg_4748               |  32|   0|   32|          0|
    |tmp_55_1_2_reg_4868               |  32|   0|   32|          0|
    |tmp_55_2_2_reg_4927               |  32|   0|   32|          0|
    |tmp_5_0_2_reg_4492                |  32|   0|   32|          0|
    |tmp_5_1_2_reg_4572                |  32|   0|   32|          0|
    |tmp_5_2_2_reg_4631                |  32|   0|   32|          0|
    |tmp_61_0_2_reg_4816               |  32|   0|   32|          0|
    |tmp_61_1_2_reg_4932               |  32|   0|   32|          0|
    |tmp_61_2_2_reg_4996               |  32|   0|   32|          0|
    |tmp_67_0_2_reg_4822               |  32|   0|   32|          0|
    |tmp_67_1_2_reg_4942               |  32|   0|   32|          0|
    |tmp_67_2_2_reg_5001               |  32|   0|   32|          0|
    |tmp_73_0_2_reg_4890               |  32|   0|   32|          0|
    |tmp_73_1_2_reg_5006               |  32|   0|   32|          0|
    |tmp_73_2_2_reg_5070               |  32|   0|   32|          0|
    |tmp_79_0_2_reg_4896               |  32|   0|   32|          0|
    |tmp_79_1_2_reg_5016               |  32|   0|   32|          0|
    |tmp_79_2_2_reg_5075               |  32|   0|   32|          0|
    |tmp_85_0_2_reg_4964               |  32|   0|   32|          0|
    |tmp_85_1_2_reg_5080               |  32|   0|   32|          0|
    |tmp_85_2_2_reg_5144               |  32|   0|   32|          0|
    |tmp_91_0_2_reg_4970               |  32|   0|   32|          0|
    |tmp_91_1_2_reg_5090               |  32|   0|   32|          0|
    |tmp_91_2_2_reg_5149               |  32|   0|   32|          0|
    |tmp_97_0_2_reg_5038               |  32|   0|   32|          0|
    |tmp_97_1_2_reg_5154               |  32|   0|   32|          0|
    |tmp_97_2_2_reg_5218               |  32|   0|   32|          0|
    +----------------------------------+----+----+-----+-----------+
    |Total                             |9451|   0| 9482|         31|
    +----------------------------------+----+----+-----+-----------+



================================================================
== Interface
================================================================
* Summary: 
+---------------------------+-----+-----+------------+------------------------+--------------+
|         RTL Ports         | Dir | Bits|  Protocol  |      Source Object     |    C Type    |
+---------------------------+-----+-----+------------+------------------------+--------------+
|ap_clk                     |   in|    1|  ap_ctrl_hs|  example_Pipeline_convR|  return value|
|ap_rst                     |   in|    1|  ap_ctrl_hs|  example_Pipeline_convR|  return value|
|ap_start                   |   in|    1|  ap_ctrl_hs|  example_Pipeline_convR|  return value|
|ap_done                    |  out|    1|  ap_ctrl_hs|  example_Pipeline_convR|  return value|
|ap_idle                    |  out|    1|  ap_ctrl_hs|  example_Pipeline_convR|  return value|
|ap_ready                   |  out|    1|  ap_ctrl_hs|  example_Pipeline_convR|  return value|
|local_in_buffer_address0   |  out|   14|   ap_memory|         local_in_buffer|         array|
|local_in_buffer_ce0        |  out|    1|   ap_memory|         local_in_buffer|         array|
|local_in_buffer_q0         |   in|   32|   ap_memory|         local_in_buffer|         array|
|local_in_buffer_address1   |  out|   14|   ap_memory|         local_in_buffer|         array|
|local_in_buffer_ce1        |  out|    1|   ap_memory|         local_in_buffer|         array|
|local_in_buffer_q1         |   in|   32|   ap_memory|         local_in_buffer|         array|
|kernel_load_8              |   in|   32|     ap_none|           kernel_load_8|        scalar|
|kernel_load                |   in|   32|     ap_none|             kernel_load|        scalar|
|kernel_load_1              |   in|   32|     ap_none|           kernel_load_1|        scalar|
|kernel_load_7              |   in|   32|     ap_none|           kernel_load_7|        scalar|
|kernel_load_2              |   in|   32|     ap_none|           kernel_load_2|        scalar|
|kernel_load_3              |   in|   32|     ap_none|           kernel_load_3|        scalar|
|kernel_load_6              |   in|   32|     ap_none|           kernel_load_6|        scalar|
|kernel_load_4              |   in|   32|     ap_none|           kernel_load_4|        scalar|
|kernel_load_5              |   in|   32|     ap_none|           kernel_load_5|        scalar|
|local_out_buffer_address0  |  out|   14|   ap_memory|        local_out_buffer|         array|
|local_out_buffer_ce0       |  out|    1|   ap_memory|        local_out_buffer|         array|
|local_out_buffer_we0       |  out|    1|   ap_memory|        local_out_buffer|         array|
|local_out_buffer_d0        |  out|   32|   ap_memory|        local_out_buffer|         array|
|local_out_buffer_address1  |  out|   14|   ap_memory|        local_out_buffer|         array|
|local_out_buffer_ce1       |  out|    1|   ap_memory|        local_out_buffer|         array|
|local_out_buffer_we1       |  out|    1|   ap_memory|        local_out_buffer|         array|
|local_out_buffer_d1        |  out|   32|   ap_memory|        local_out_buffer|         array|
+---------------------------+-----+-----+------------+------------------------+--------------+

