

================================================================
== Vitis HLS Report for 'example_Pipeline_KENEL_INIT'
================================================================
* Date:           Tue Apr 26 03:20:35 2022

* Version:        2021.2 (Build 3367213 on Tue Oct 19 02:48:09 MDT 2021)
* Project:        project5_hls_opt
* Solution:       solution1 (Vivado IP Flow Target)
* Product family: zynq
* Target device:  xc7z020-clg400-1


================================================================
== Performance Estimates
================================================================
+ Timing: 
    * Summary: 
    +--------+----------+----------+------------+
    |  Clock |  Target  | Estimated| Uncertainty|
    +--------+----------+----------+------------+
    |ap_clk  |  10.00 ns|  4.602 ns|     2.70 ns|
    +--------+----------+----------+------------+

+ Latency: 
    * Summary: 
    +---------+---------+----------+----------+-----+-----+---------+
    |  Latency (cycles) |  Latency (absolute) |  Interval | Pipeline|
    |   min   |   max   |    min   |    max   | min | max |   Type  |
    +---------+---------+----------+----------+-----+-----+---------+
    |       11|       11|  0.110 us|  0.110 us|   11|   11|       no|
    +---------+---------+----------+----------+-----+-----+---------+

    + Detail: 
        * Instance: 
        N/A

        * Loop: 
        +--------------+---------+---------+----------+-----------+-----------+------+----------+
        |              |  Latency (cycles) | Iteration|  Initiation Interval  | Trip |          |
        |   Loop Name  |   min   |   max   |  Latency |  achieved |   target  | Count| Pipelined|
        +--------------+---------+---------+----------+-----------+-----------+------+----------+
        |- KENEL_INIT  |        9|        9|         1|          1|          1|     9|       yes|
        +--------------+---------+---------+----------+-----------+-----------+------+----------+



================================================================
== Utilization Estimates
================================================================
* Summary: 
+-----------------+---------+-----+--------+-------+-----+
|       Name      | BRAM_18K| DSP |   FF   |  LUT  | URAM|
+-----------------+---------+-----+--------+-------+-----+
|DSP              |        -|    -|       -|      -|    -|
|Expression       |        -|    -|       0|     31|    -|
|FIFO             |        -|    -|       -|      -|    -|
|Instance         |        -|    -|       -|      -|    -|
|Memory           |        -|    -|       -|      -|    -|
|Multiplexer      |        -|    -|       -|     55|    -|
|Register         |        -|    -|       6|      -|    -|
+-----------------+---------+-----+--------+-------+-----+
|Total            |        0|    0|       6|     86|    0|
+-----------------+---------+-----+--------+-------+-----+
|Available        |      280|  220|  106400|  53200|    0|
+-----------------+---------+-----+--------+-------+-----+
|Utilization (%)  |        0|    0|      ~0|     ~0|    0|
+-----------------+---------+-----+--------+-------+-----+

+ Detail: 
    * Instance: 
    N/A

    * DSP: 
    N/A

    * Memory: 
    N/A

    * FIFO: 
    N/A

    * Expression: 
    +--------------------+----------+----+---+----+------------+------------+
    |    Variable Name   | Operation| DSP| FF| LUT| Bitwidth P0| Bitwidth P1|
    +--------------------+----------+----+---+----+------------+------------+
    |add_ln33_fu_74_p2   |         +|   0|  0|  13|           4|           1|
    |icmp_ln33_fu_68_p2  |      icmp|   0|  0|   9|           4|           4|
    |icmp_ln34_fu_85_p2  |      icmp|   0|  0|   9|           4|           3|
    +--------------------+----------+----+---+----+------------+------------+
    |Total               |          |   0|  0|  31|          12|           8|
    +--------------------+----------+----+---+----+------------+------------+

    * Multiplexer: 
    +-----------------------+----+-----------+-----+-----------+
    |          Name         | LUT| Input Size| Bits| Total Bits|
    +-----------------------+----+-----------+-----+-----------+
    |aa_fu_32               |   9|          2|    4|          8|
    |ap_done_int            |   9|          2|    1|          2|
    |ap_sig_allocacmp_aa_1  |   9|          2|    4|          8|
    |kernel_address0        |  14|          3|    4|         12|
    |kernel_d0              |  14|          3|   32|         96|
    +-----------------------+----+-----------+-----+-----------+
    |Total                  |  55|         12|   45|        126|
    +-----------------------+----+-----------+-----+-----------+

    * Register: 
    +-------------+---+----+-----+-----------+
    |     Name    | FF| LUT| Bits| Const Bits|
    +-------------+---+----+-----+-----------+
    |aa_fu_32     |  4|   0|    4|          0|
    |ap_CS_fsm    |  1|   0|    1|          0|
    |ap_done_reg  |  1|   0|    1|          0|
    +-------------+---+----+-----+-----------+
    |Total        |  6|   0|    6|          0|
    +-------------+---+----+-----+-----------+



================================================================
== Interface
================================================================
* Summary: 
+-----------------+-----+-----+------------+-----------------------------+--------------+
|    RTL Ports    | Dir | Bits|  Protocol  |        Source Object        |    C Type    |
+-----------------+-----+-----+------------+-----------------------------+--------------+
|ap_clk           |   in|    1|  ap_ctrl_hs|  example_Pipeline_KENEL_INIT|  return value|
|ap_rst           |   in|    1|  ap_ctrl_hs|  example_Pipeline_KENEL_INIT|  return value|
|ap_start         |   in|    1|  ap_ctrl_hs|  example_Pipeline_KENEL_INIT|  return value|
|ap_done          |  out|    1|  ap_ctrl_hs|  example_Pipeline_KENEL_INIT|  return value|
|ap_idle          |  out|    1|  ap_ctrl_hs|  example_Pipeline_KENEL_INIT|  return value|
|ap_ready         |  out|    1|  ap_ctrl_hs|  example_Pipeline_KENEL_INIT|  return value|
|kernel_address0  |  out|    4|   ap_memory|                       kernel|         array|
|kernel_ce0       |  out|    1|   ap_memory|                       kernel|         array|
|kernel_we0       |  out|    1|   ap_memory|                       kernel|         array|
|kernel_d0        |  out|   32|   ap_memory|                       kernel|         array|
+-----------------+-----+-----+------------+-----------------------------+--------------+

